// Jest Snapshot v1, https://goo.gl/fbAQLP

exports[`<Header /> render correctly 1`] = `
<div
  className="Header"
>
  <nav
    className="navbar navbar-expand-lg navbar-light bg-light"
  >
    <Link
      className="nav-link"
      replace={false}
      to="/resources"
    >
      Maral Challenge
    </Link>
    <button
      aria-controls="navbarNav"
      aria-expanded="false"
      aria-label="Toggle navigation"
      className="navbar-toggler"
      data-target="#navbarNav"
      data-toggle="collapse"
      type="button"
    >
      <span
        className="navbar-toggler-icon"
      />
    </button>
    <div
      className="collapse navbar-collapse"
      id="navbarNav"
    >
      <ul
        className="navbar-nav"
      >
        <li
          className="nav-item"
        >
          <Link
            className="nav-link"
            replace={false}
            to="/teams/generate"
          >
            Equipes
          </Link>
        </li>
        <li
          className="nav-item"
        >
          <Link
            className="nav-link"
            replace={false}
            to="/events/score"
          >
            Resultados
          </Link>
        </li>
        <li
          className="nav-item"
        >
          <Link
            className="nav-link"
            replace={false}
            to="/events/ranking"
          >
            Scores por Evento
          </Link>
        </li>
        <li
          className="nav-item"
        >
          <Link
            className="nav-link"
            replace={false}
            to="/teams/score"
          >
            Ranking Geral
          </Link>
        </li>
      </ul>
    </div>
  </nav>
</div>
`;
